<html><head>
<meta http-equiv="Content-Type" content="text/html; charset=utf-8" /></head><body>
<p>Analyzed layer: multipolys.gml</p>
<p>Analyzed field: Bname</p>
<p>Minimum length: 0</p>
<p>Maximum length: 4</p>
<p>Mean length: 3.0</p>
<p>Filled values: 3</p>
<p>NULL (missing) values: 1</p>
<p>Count: 4</p>
<p>Unique: 2</p>
<p>Minimum string value: Test</p>
<p>Maximum string value: Test</p>
</body></html>
