<html><head>
<meta http-equiv="Content-Type" content="text/html;                     charset=utf-8" /></head><body>
<p>Analyzed layer: polys</p>
<p>Analyzed field: intval</p>
<p>Count: 5</p>
<p>Unique values: 5</p>
<p>NULL (missing) values: 1</p>
<p>Minimum value: -33.0</p>
<p>Maximum value: 120.0</p>
<p>Range: 153.0</p>
<p>Sum: 122.0</p>
<p>Mean value: 24.4</p>
<p>Median value: 2.0</p>
<p>Standard deviation: 52.163588833591575</p>
<p>Coefficient of Variation: 2.137852001376704</p>
<p>Minority (rarest occurring value): -33.0</p>
<p>Majority (most frequently occurring value): -33.0</p>
<p>First quartile: 0.0</p>
<p>Third quartile: 33.0</p>
<p>Interquartile Range (IQR): 33.0</p>
</body></html>
