<html><head>
<meta http-equiv="Content-Type" content="text/html;                     charset=utf-8" /></head><body>
<p>Analyzed layer: custom/datetimes.tab</p>
<p>Analyzed field: date</p>
<p>Count: 4</p>
<p>Unique values: 3</p>
<p>NULL (missing) values: 1</p>
<p>Minimum value: 2014-11-30T00:00:00</p>
<p>Maximum value: 2016-11-30T00:00:00</p>
</body></html>
