<html><head>
<meta http-equiv="Content-Type" content="text/html;                     charset=utf-8" /></head><body>
<p>Analyzed layer: polys</p>
<p>Analyzed field: floatval</p>
<p>Count: 5</p>
<p>Unique values: 5</p>
<p>NULL (missing) values: 1</p>
<p>Minimum value: -100291.43213</p>
<p>Maximum value: 44.123456</p>
<p>Range: 100335.555586</p>
<p>Sum: -100243.855674</p>
<p>Mean value: -20048.7711348</p>
<p>Median value: 0.123</p>
<p>Standard deviation: 40121.333967334256</p>
<p>Coefficient of Variation: -2.001186691073198</p>
<p>Minority (rarest occurring value): -100291.43213</p>
<p>Majority (most frequently occurring value): -100291.43213</p>
<p>First quartile: 0.0</p>
<p>Third quartile: 3.33</p>
<p>Interquartile Range (IQR): 3.33</p>
</body></html>
