<html><head>
<meta http-equiv="Content-Type" content="text/html;                     charset=utf-8" /></head><body>
<p>Analyzed layer: custom/datetimes.tab</p>
<p>Analyzed field: time</p>
<p>Count: 4</p>
<p>Unique values: 3</p>
<p>NULL (missing) values: 1</p>
<p>Minimum value: 03:29:40</p>
<p>Maximum value: 15:29:22</p>
</body></html>
