fid,name,intval,floatval
polys.0,aaaaa,33,44.123456
polys.1,Aaaaa,-33,0
polys.2,bbaaa,,0.123
polys.3,ASDF,0,
polys.4,,120,-100291.43213
polys.5,elim,2,3.33
