<html><head>
<meta http-equiv="Content-Type" content="text/html;                     charset=utf-8" /></head><body>
<p>EPSG:20256</p>
<p>EPSG:20356</p>
<p>EPSG:28356</p>
<p>EPSG:32356</p>
<p>EPSG:32556</p>
<p>EPSG:32756</p>
<p>IGNF:UTM56SW84</p>
<p>EPSG:5552</p>
</body></html>
