<html><head><meta http-equiv="Content-Type" content="text/html;charset=utf-8"/></head><body>
<p>Observed mean distance: 188537.08110294046</p>
<p>Expected mean distance: 1.33333333333</p>
<p>Nearest neighbour index: 141402.81082720537</p>
<p>Number of points: 9</p>
<p>Z-Score: 811534.72696972766</p>
</body></html>