zone,m2,sum,count,min,max,mean
6.00000000,3055987.38515208,6070816.17861176,"39025",85.50000000,243.00000000,155.56223392
4.00000000,1226310.37671958,1431734.66448212,"15660",86.30000305,93.90000153,91.42622379
3.00000000,2310490.91092664,4941275.88129425,"29505",111.69999695,231.73440552,167.47249216
1.00000000,3297568.96319678,5287336.89630127,"42110",85.00000000,219.19999695,125.56012577
