<html><head>
<meta http-equiv="Content-Type" content="text/html;                     charset=utf-8" /></head><body>
<p>Analyzed file: /home/alex/devel/qgis/python/plugins/processing/tests/testdata/dem.tif (band 1)</p>
<p>Minimum value: 85</p>
<p>Maximum value: 243</p>
<p>Range: 158</p>
<p>Sum: 19213301.982429504</p>
<p>Mean value: 147.1719799496707</p>
<p>Standard deviation: 43.9618116337985</p>
<p>Sum of the squares: 252304334.5206124</p>
</body></html>
