zone,deg2,sum,count,min,max,mean
6.00000000,0.00034577,5379991.47400665,"34577",85.50000000,243.00000000,155.59451294
4.00000000,0.00013913,1272219.50825500,"13913",86.30000305,93.90000153,91.44106291
3.00000000,0.00026070,4368361.01625824,"26070",111.69999695,232.43850708,167.56275475
1.00000000,0.00037291,4680372.30075836,"37291",85.00000000,219.19999695,125.50943393
