zone,deg2,sum,count,min,max,mean
6.00000000,0.00034562,5371074.34954071,"34562",85.50000000,243.00000000,155.40403766
4.00000000,0.00013810,1263010.46405792,"13810",86.30000305,93.90000153,91.45622477
3.00000000,0.00026125,4375224.02449036,"26125",111.69999695,232.43850708,167.47268993
1.00000000,0.00037237,4668982.96012115,"37237",85.00000000,219.19999695,125.38558316
