<html><head><meta http-equiv="Content-Type" content="text/html;charset=utf-8"/></head><body>
<p>Analyzed file: /home/nyall/dev/QGIS/python/plugins/processing/tests/testdata/custom/dem_crs.tif (band 1)</p>
<p>Volume: 413784918.0099005</p>
<p>Pixel count: 64692</p>
<p>Area: 11497732.5855559 m2</p>
</body></html>