<html><head><meta http-equiv="Content-Type" content="text/html;charset=utf-8"/></head><body>
<p>Analyzed file: /home/nyall/dev/QGIS/python/plugins/processing/tests/testdata/dem.tif (band 1)</p>
<p>Volume: 0.06802752691184032</p>
<p>Pixel count: 130550</p>
<p>Area: 0.001305499999999814 deg2</p>
</body></html>