<html><head><meta http-equiv="Content-Type" content="text/html;charset=utf-8"/></head><body>
<p>Analyzed file: /home/nyall/dev/QGIS/python/plugins/processing/tests/testdata/dem.tif (band 1)</p>
<p>Volume: 0.0648052733680633</p>
<p>Pixel count: 95901</p>
<p>Area: 0.0009590099999998638 deg2</p>
</body></html>