<html><head><meta http-equiv="Content-Type" content="text/html;charset=utf-8"/></head><body>
<p>Analyzed file: /home/nyall/dev/QGIS/python/plugins/processing/tests/testdata/custom/dem_crs.tif (band 1)</p>
<p>Volume: 893436802.8888654</p>
<p>Pixel count: 130550</p>
<p>Area: 23202698.7733309 m2</p>
</body></html>