<html><head><meta http-equiv="Content-Type" content="text/html;charset=utf-8"/></head><body>
<p>Analyzed file: /home/nyall/dev/QGIS/python/plugins/processing/tests/testdata/custom/dem_crs.tif (band 1)</p>
<p>Volume: -479651884.8789648</p>
<p>Pixel count: 65660</p>
<p>Area: 11669775.57607742 m2</p>
</body></html>