<html><head><meta http-equiv="Content-Type" content="text/html;charset=utf-8"/></head><body>
<p>Analyzed file: /home/nyall/dev/QGIS/python/plugins/processing/tests/testdata/dem.tif (band 1)</p>
<p>Volume: -0.003222253543777008</p>
<p>Pixel count: 34600</p>
<p>Area: 0.0003459999999999508 deg2</p>
</body></html>