<pre>Driver: GTiff/GeoTIFF
Files: /home/alex/devel/qgis/python/plugins/processing/tests/testdata/dem.tif
       /home/alex/devel/qgis/python/plugins/processing/tests/testdata/dem.tif.aux.xml
Size is 373, 350
Coordinate System is:
GEOGCS["WGS 84",
    DATUM["WGS_1984",
        SPHEROID["WGS 84",6378137,298.257223563,
            AUTHORITY["EPSG","7030"]],
        AUTHORITY["EPSG","6326"]],
    PRIMEM["Greenwich",0],
    UNIT["degree",0.0174532925199433],
    AUTHORITY["EPSG","4326"]]
Origin = (18.666297944200000,45.811701437600000)
Pixel Size = (0.000100000000000,-0.000100000000000)
Corner Coordinates:
Upper Left  (  18.6662979,  45.8117014) ( 18d39'58.67"E, 45d48'42.13"N)
Lower Left  (  18.6662979,  45.7767014) ( 18d39'58.67"E, 45d46'36.13"N)
Upper Right (  18.7035979,  45.8117014) ( 18d42'12.95"E, 45d48'42.13"N)
Lower Right (  18.7035979,  45.7767014) ( 18d42'12.95"E, 45d46'36.13"N)
Center      (  18.6849479,  45.7942014) ( 18d41' 5.81"E, 45d47'39.13"N)
Band 1 Block=373x5 Type=Float32, ColorInterp=Gray
  Min=85.000 Max=243.000 
  Minimum=85.000, Maximum=243.000, Mean=147.172, StdDev=43.962
  NoData Value=-99999
</pre>