#
#
300
7043.06 
1.89772e+07 
#
1700
7405.93 
2.01921e+07 
#
6000
7287.21 
1.90221e+07 
#
7000
7246.81 
1.90226e+07 
