title: 
nbands: 1
class:
 classnum: 1
 classtitle: 
 classtype: 1
 subclass:
  pi: 0.22802
  means: 9764.5
  covar:
    3.02234e+06
 endsubclass:
 subclass:
  pi: 0.495197
  means: 5208.5
  covar:
    7.97435e+06
 endsubclass:
 subclass:
  pi: 0.118668
  means: 997.979
  covar:
    686411
 endsubclass:
 subclass:
  pi: 0.158115
  means: 13401
  covar:
    702077
 endsubclass:
endclass:
class:
 classnum: 2
 classtitle: 
 classtype: 1
 subclass:
  pi: 0.177696
  means: 13267.4
  covar:
    1.06971e+06
 endsubclass:
 subclass:
  pi: 0.172485
  means: 3861.81
  covar:
    2.35556e+06
 endsubclass:
 subclass:
  pi: 0.48383
  means: 8696.48
  covar:
    7.62681e+06
 endsubclass:
 subclass:
  pi: 0.165989
  means: 1052.05
  covar:
    692627
 endsubclass:
endclass:
class:
 classnum: 3
 classtitle: 
 classtype: 1
 subclass:
  pi: 0.135816
  means: 1158.36
  covar:
    934515
 endsubclass:
 subclass:
  pi: 0.187835
  means: 11847.9
  covar:
    1.74438e+06
 endsubclass:
 subclass:
  pi: 0.0829488
  means: 14066.2
  covar:
    268579
 endsubclass:
 subclass:
  pi: 0.5934
  means: 6298.74
  covar:
    8.66516e+06
 endsubclass:
endclass:
class:
 classnum: 4
 classtitle: 
 classtype: 1
 subclass:
  pi: 0.278456
  means: 3394.59
  covar:
    2.33337e+06
 endsubclass:
 subclass:
  pi: 0.0849227
  means: 13998.4
  covar:
    256746
 endsubclass:
 subclass:
  pi: 0.102818
  means: 686.099
  covar:
    379342
 endsubclass:
 subclass:
  pi: 0.222279
  means: 11683.6
  covar:
    1.75208e+06
 endsubclass:
 subclass:
  pi: 0.311523
  means: 7849.26
  covar:
    3.21781e+06
 endsubclass:
endclass:
