-303 68:1:84
-243.612 68:2:86
-184.224 69:4:87
-124.836 69:5:89
-65.2965 70:7:90
-5.9085 70:8:92
53.4795 70:10:93
112.868 70:11:94
172.256 71:13:96
231.644 71:14:97
291.183 71:16:99
350.571 71:17:100
409.959 71:19:101
469.347 72:20:103
528.735 72:22:104
588.123 72:23:105
647.663 72:24:106
707.05 72:26:108
766.438 72:27:109
825.826 72:28:110
885.215 72:29:111
944.602 72:31:112
1003.99 72:32:113
1063.53 72:33:115
1122.92 72:35:116
1182.31 72:36:117
1241.69 72:37:118
1301.08 72:38:119
1360.47 72:40:120
1420.01 72:41:121
1479.4 71:42:122
1538.79 71:44:122
1598.17 71:45:123
1657.56 71:46:124
1716.95 71:47:125
1776.34 70:48:126
1835.88 70:50:126
1895.27 70:51:127
1954.65 70:52:128
2014.04 69:53:129
2073.43 69:55:129
2132.82 69:56:130
2192.36 68:57:131
2251.74 68:58:131
2311.13 68:59:132
2370.52 67:61:132
2429.91 67:62:133
2489.3 66:63:133
2548.84 66:64:134
2608.22 66:65:134
2667.61 65:66:135
2727 65:68:135
2786.39 64:69:136
2845.78 64:70:136
2905.16 63:71:136
2964.7 63:72:137
3024.09 62:73:137
3083.48 62:74:137
3142.87 62:76:138
3202.26 61:77:138
3261.64 61:78:138
3321.18 60:79:138
3380.57 60:80:139
3439.96 59:81:139
3499.35 59:82:139
3558.73 58:83:139
3618.12 58:84:140
3677.66 57:85:140
3737.05 57:86:140
3796.44 56:88:140
3855.83 56:89:140
3915.21 55:90:140
3974.6 55:91:141
4033.99 54:92:141
4093.53 54:93:141
4152.92 53:94:141
4212.31 53:95:141
4271.69 52:96:141
4331.08 52:97:141
4390.47 51:98:141
4450.01 51:99:141
4509.4 50:100:142
4568.79 50:101:142
4628.17 49:102:142
4687.56 49:103:142
4746.95 49:104:142
4806.34 48:105:142
4865.88 48:106:142
4925.26 47:107:142
4984.65 47:108:142
5044.04 46:109:142
5103.43 46:110:142
5162.82 46:111:142
5222.36 45:112:142
5281.74 45:113:142
5341.13 44:113:142
5400.52 44:114:142
5459.91 44:115:142
5519.3 43:116:142
5578.84 43:117:142
5638.22 42:118:142
5697.61 42:119:142
5757 42:120:142
5816.39 41:121:142
5875.78 41:122:142
5935.16 41:123:142
5994.7 40:124:142
6054.09 40:125:142
6113.48 39:126:142
6172.87 39:127:142
6232.26 39:128:142
6291.64 38:129:142
6351.18 38:130:142
6410.57 38:130:142
6469.96 37:131:142
6529.35 37:132:142
6588.74 37:133:142
6648.12 36:134:142
6707.66 36:135:142
6767.05 35:136:142
6826.44 35:137:142
6885.83 35:138:141
6945.21 34:139:141
7004.6 34:140:141
7063.99 34:141:141
7123.53 33:142:141
7182.92 33:143:141
7242.31 33:144:141
7301.69 33:145:140
7361.08 32:146:140
7420.47 32:146:140
7480.01 32:147:140
7539.4 31:148:140
7598.79 31:149:139
7658.17 31:150:139
7717.56 31:151:139
7776.95 31:152:139
7836.34 31:153:138
7895.88 31:154:138
7955.27 30:155:138
8014.65 30:156:137
8074.04 30:157:137
8133.43 31:158:137
8192.82 31:159:136
8252.36 31:160:136
8311.74 31:161:136
8371.13 31:161:135
8430.52 31:162:135
8489.91 32:163:134
8549.3 32:164:134
8608.84 33:165:133
8668.22 33:166:133
8727.61 34:167:133
8787 34:168:132
8846.39 35:169:131
8905.78 36:170:131
8965.16 37:171:130
9024.7 37:172:130
9084.09 38:173:129
9143.48 39:173:129
9202.87 40:174:128
9262.26 41:175:127
9321.64 42:176:127
9381.18 44:177:126
9440.57 45:178:125
9499.96 46:179:124
9559.35 47:180:124
9618.73 49:181:123
9678.12 50:182:122
9737.66 52:182:121
9797.05 53:183:121
9856.44 55:184:120
9915.83 56:185:119
9975.21 58:186:118
10034.6 59:187:117
10094 61:188:116
10153.5 63:188:115
10212.9 64:189:114
10272.3 66:190:113
10331.7 68:191:112
10391.1 70:192:111
10450.5 72:193:110
10510 74:193:109
10569.4 76:194:108
10628.8 78:195:107
10688.2 80:196:106
10747.6 82:197:105
10806.9 84:197:104
10866.3 86:198:103
10925.9 88:199:101
10985.3 90:200:100
11044.7 92:200:99
11104 94:201:98
11163.4 96:202:96
11222.8 99:203:95
11282.4 101:203:94
11341.7 103:204:92
11401.1 105:205:91
11460.5 108:205:90
11519.9 110:206:88
11579.3 112:207:87
11638.8 115:208:86
11698.2 117:208:84
11757.6 119:209:83
11817 122:209:81
11876.4 124:210:80
11935.8 127:211:78
11995.2 129:211:77
12054.7 132:212:75
12114.1 134:213:73
12173.5 137:213:72
12232.9 139:214:70
12292.3 142:214:69
12351.6 144:215:67
12411.2 147:215:65
12470.6 149:216:64
12530 152:216:62
12589.3 155:217:60
12648.7 157:217:59
12708.1 160:218:57
12767.7 162:218:55
12827.1 165:219:54
12886.4 168:219:52
12945.8 170:220:50
13005.2 173:220:48
13064.6 176:221:47
13124 178:221:45
13183.5 181:222:43
13242.9 184:222:41
13302.3 186:222:40
13361.7 189:223:38
13421.1 192:223:37
13480.5 194:223:35
13540 197:224:33
13599.4 200:224:32
13658.8 202:225:31
13718.2 205:225:29
13777.6 208:225:28
13836.9 210:226:27
13896.3 213:226:26
13955.9 216:226:25
14015.3 218:227:25
14074.7 221:227:24
14134 223:227:24
14193.4 226:228:24
14252.8 229:228:25
14312.4 231:228:25
14371.7 234:229:26
14431.1 236:229:27
14490.5 239:229:28
14549.9 241:229:29
14609.3 244:230:30
14668.8 246:230:32
14728.2 248:230:33
14787.6 251:231:35
14847 253:231:37
nv 255:255:255
default 255:255:255
