1:0:16.666667:30.166667
1:1:33.333333:363.333333
1:2:50.000000:696.500000
1:3:66.666667:1029.666667
1:4:83.333333:1362.833333
2:0:16.666667:1899.666667
2:1:33.333333:2002.666667
2:2:50.000000:2156.000000
2:3:66.666667:2309.333333
2:4:83.333333:2462.666667
3:0:16.666667:2967.666667
3:1:33.333333:3319.333333
3:2:50.000000:3671.000000
3:3:66.666667:4022.666667
3:4:83.333333:4374.333333
4:0:16.666667:5561.000000
4:1:33.333333:5729.333333
4:2:50.000000:6231.000000
4:3:66.666667:6732.666667
4:4:83.333333:7234.333333
5:0:16.666667:8062.666667
5:1:33.333333:8389.333333
5:2:50.000000:8716.000000
5:3:66.666667:9042.666667
5:4:83.333333:9369.333333
6:0:16.666667:10529.500000
6:1:33.333333:11363.000000
6:2:50.000000:12613.000000
6:3:66.666667:13030.000000
6:4:83.333333:6931.500000
