Memory manager registering memory in MM_IGNORE_MEMORY_EXCEEDED mode.
