 1.485e+04  0.000e+00
 1.432e+04  3.452e-02
 1.380e+04  3.445e-02
 1.328e+04  3.452e-02
 1.276e+04  3.445e-02
 1.223e+04  3.452e-02
 1.171e+04  3.445e-02
 1.119e+04  3.445e-02
 1.067e+04  3.452e-02
 1.015e+04  3.445e-02
 9.623e+03  3.452e-02
 9.100e+03  3.445e-02
 8.578e+03  3.445e-02
 8.056e+03  3.452e-02
 7.533e+03  3.445e-02
 7.011e+03  3.452e-02
 6.488e+03  3.445e-02
 5.966e+03  3.452e-02
 5.444e+03  3.445e-02
 4.921e+03  3.445e-02
 4.399e+03  3.452e-02
 3.876e+03  3.445e-02
 3.354e+03  3.452e-02
 2.831e+03  3.445e-02
 2.309e+03  3.445e-02
 1.787e+03  3.452e-02
 1.264e+03  3.445e-02
 7.418e+02  3.452e-02
 2.194e+02  3.445e-02
-3.030e+02  3.452e-02
