non_null_cells|null_cells|min|max|range|mean|mean_of_abs|stddev|variance|coeff_var|sum|sum_abs
30040|262|1|6|5|3.80246338215712|3.80246338215712|1.65577930801025|2.7416051168349|43.5449113272179|114226|114226
