348815.70143898|6687991.90993828||3
354369.087594644|6689166.66470198||2
349100.490472604|6692050.15366742||3
