<html><head><meta http-equiv="Content-Type" content="text/html; charset=utf-8" /></head><body><p>1|
</br>3|
</br></p></body></html>