<html><head><meta http-equiv="Content-Type" content="text/html; charset=utf-8" /></head><body><p>N = 14743
</br>1.000000 0.018635 -0.000101 
</br>0.018635 1.000000 -0.012230 
</br>-0.000101 -0.012230 1.000000 
</br></p></body></html>