<html><head><meta http-equiv="Content-Type" content="text/html; charset=utf-8" /></head><body><p>1|1|0|344550|6693650|344550|6693650
</br>1|2|100|357850|6693650|357850|6693550
</br>1|3|100|352650|6693650|352750|6693650
</br>1|4|100|344550|6693650|344650|6693650
</br></p></body></html>