<html><head><meta http-equiv="Content-Type" content="text/html; charset=utf-8" /></head><body><p>Null value area ignored in calculation: 1510000.000000
</br>Plan area used in calculation: 149040000.000000
</br>Surface area calculation(low, high, avg):
</br>	143171894.810657 143200607.945173 143186251.377915
</br>Current region plan area: 151510000.000000
</br>Estimated region Surface Area: 145559238.769913
</br></p></body></html>