sequence;category;cost_to_next
1;1;0.000
2;2;0.000
3;3;0.000
