<html><head><meta http-equiv="Content-Type" content="text/html; charset=utf-8" /></head><body><p>1 -1 -1
</br>2 -1 -1
</br>3 -1 -1
</br>4 -1 -1
</br>5 -1 -1
</br>6 -1 -1
</br>7 -1 -1
</br>8 -1 -1
</br>9 -1 -1
</br>10 -1 -1
</br>11 -1 -1
</br>12 -1 -1
</br>13 -1 -1
</br>14 -1 -1
</br>15 -1 -1
</br>16 -1 -1
</br>17 -1 -1
</br>18 -1 -1
</br>19 -1 -1
</br>20 -1 -1
</br>21 -1 -1
</br>22 -1 -1
</br>23 -1 -1
</br>24 -1 -1
</br>25 -1 -1
</br>26 -1 -1
</br></p></body></html>