<html><head><meta http-equiv="Content-Type" content="text/html; charset=utf-8" /></head><body><p>cat|fid|id|id2|x|y|z
</br>6|points.5|6|0|0|-5|0
</br>9|points.8|9|0|0|-1|0
</br>1|points.0|1|2|1|1|0
</br>3|points.2|3|0|2|2|0
</br>2|points.1|2|1|3|3|0
</br>5|points.4|5|1|4|1|0
</br>4|points.3|4|2|5|2|0
</br>8|points.7|8|0|7|-1|0
</br>7|points.6|7|0|8|-1|0
</br></p></body></html>